{
  "exclude": {
    "files": null,
    "lines": null
  },
  "generated_at": "2021-04-20T22:40:54Z",
  "plugins_used": [
    {
      "name": "AWSKeyDetector"
    },
    {
      "base64_limit": 4.5,
      "name": "Base64HighEntropyString"
    },
    {
      "name": "BasicAuthDetector"
    },
    {
      "hex_limit": 3,
      "name": "HexHighEntropyString"
    },
    {
      "keyword_exclude": null,
      "name": "KeywordDetector"
    },
    {
      "name": "PrivateKeyDetector"
    }
  ],
  "results": {
    "README.md": [
      {
        "hashed_secret": "1e9088a5b6497d71edacc26f8d5bd2c0113fd5e2",
        "is_secret": false,
        "is_verified": false,
        "line_number": 36,
        "type": "Secret Keyword"
      }
    ],
    "esbuild/reports/alignment_report.py": [
      {
        "hashed_secret": "e73380b571e04473eddff87b88ee4367c87d2509",
        "is_secret": false,
        "is_verified": false,
        "line_number": 58,
        "type": "Basic Auth Credentials"
      }
    ],
    "tests/data.py": [
      {
        "hashed_secret": "a87f1bc7c5a21db4b7dcee915801748078c6b7f1",
        "is_secret": false,
        "is_verified": false,
        "line_number": 186,
        "type": "Hex High Entropy String"
      },
      {
        "hashed_secret": "07d5c4e95ae395857eaaead6ebbc48921f5d1d73",
        "is_secret": false,
        "is_verified": false,
        "line_number": 207,
        "type": "Hex High Entropy String"
      },
      {
        "hashed_secret": "cb4e7ee7bb0fbd6e89ef3e033bcbd982ff5a7c7b",
        "is_secret": false,
        "is_verified": false,
        "line_number": 982,
        "type": "Hex High Entropy String"
      },
      {
        "hashed_secret": "e12f4062d4ace7aafbbf20e8231f6cd65bd4df9d",
        "is_secret": false,
        "is_verified": false,
        "line_number": 1017,
        "type": "Hex High Entropy String"
      },
      {
        "hashed_secret": "e379fbc5150551e3a339911738efbc4ce8973f23",
        "is_secret": false,
        "is_verified": false,
        "line_number": 1032,
        "type": "Hex High Entropy String"
      },
      {
        "hashed_secret": "a79227640041125c18d7253d944f60a061cbed77",
        "is_secret": false,
        "is_verified": false,
        "line_number": 1049,
        "type": "Hex High Entropy String"
      },
      {
        "hashed_secret": "7e804e59287fe4f3a27459fc546dc800870ea43f",
        "is_secret": false,
        "is_verified": false,
        "line_number": 1073,
        "type": "Hex High Entropy String"
      }
    ],
    "tests/es_data.py": [
      {
        "hashed_secret": "decacf4ec55e4cfc6651c6b07d62d6e8aab3148a",
        "is_secret": false,
        "is_verified": false,
        "line_number": 28,
        "type": "Hex High Entropy String"
      }
    ]
  },
  "version": "0.13.0",
  "word_list": {
    "file": null,
    "hash": null
  }
}
