{
  "version": "1.1.0",
  "plugins_used": [
    {
      "name": "ArtifactoryDetector"
    },
    {
      "name": "AWSKeyDetector"
    },
    {
      "name": "AzureStorageKeyDetector"
    },
    {
      "name": "Base64HighEntropyString",
      "limit": 4.5
    },
    {
      "name": "BasicAuthDetector"
    },
    {
      "name": "CloudantDetector"
    },
    {
      "name": "HexHighEntropyString",
      "limit": 3
    },
    {
      "name": "IbmCloudIamDetector"
    },
    {
      "name": "IbmCosHmacDetector"
    },
    {
      "name": "JwtTokenDetector"
    },
    {
      "name": "KeywordDetector",
      "keyword_exclude": ""
    },
    {
      "name": "MailchimpDetector"
    },
    {
      "name": "NpmDetector"
    },
    {
      "name": "PrivateKeyDetector"
    },
    {
      "name": "SlackDetector"
    },
    {
      "name": "SoftlayerDetector"
    },
    {
      "name": "SquareOAuthDetector"
    },
    {
      "name": "StripeDetector"
    },
    {
      "name": "TwilioKeyDetector"
    }
  ],
  "filters_used": [
    {
      "path": "detect_secrets.filters.allowlist.is_line_allowlisted"
    },
    {
      "path": "detect_secrets.filters.common.is_baseline_file",
      "filename": ".secrets.baseline"
    },
    {
      "path": "detect_secrets.filters.common.is_ignored_due_to_verification_policies",
      "min_level": 2
    },
    {
      "path": "detect_secrets.filters.heuristic.is_indirect_reference"
    },
    {
      "path": "detect_secrets.filters.heuristic.is_likely_id_string"
    },
    {
      "path": "detect_secrets.filters.heuristic.is_lock_file"
    },
    {
      "path": "detect_secrets.filters.heuristic.is_not_alphanumeric_string"
    },
    {
      "path": "detect_secrets.filters.heuristic.is_potential_uuid"
    },
    {
      "path": "detect_secrets.filters.heuristic.is_prefixed_with_dollar_sign"
    },
    {
      "path": "detect_secrets.filters.heuristic.is_sequential_string"
    },
    {
      "path": "detect_secrets.filters.heuristic.is_swagger_file"
    },
    {
      "path": "detect_secrets.filters.heuristic.is_templated_secret"
    }
  ],
  "results": {
    "tests/integration/data.py": [
      {
        "type": "Hex High Entropy String",
        "filename": "tests/integration/data.py",
        "hashed_secret": "a87f1bc7c5a21db4b7dcee915801748078c6b7f1",
        "is_verified": false,
        "line_number": 170,
        "is_secret": false
      },
      {
        "type": "Hex High Entropy String",
        "filename": "tests/integration/data.py",
        "hashed_secret": "cb4e7ee7bb0fbd6e89ef3e033bcbd982ff5a7c7b",
        "is_verified": false,
        "line_number": 193,
        "is_secret": false
      },
      {
        "type": "Hex High Entropy String",
        "filename": "tests/integration/data.py",
        "hashed_secret": "07d5c4e95ae395857eaaead6ebbc48921f5d1d73",
        "is_verified": false,
        "line_number": 206,
        "is_secret": false
      },
      {
        "type": "Hex High Entropy String",
        "filename": "tests/integration/data.py",
        "hashed_secret": "e12f4062d4ace7aafbbf20e8231f6cd65bd4df9d",
        "is_verified": false,
        "line_number": 1016,
        "is_secret": false
      },
      {
        "type": "Hex High Entropy String",
        "filename": "tests/integration/data.py",
        "hashed_secret": "e379fbc5150551e3a339911738efbc4ce8973f23",
        "is_verified": false,
        "line_number": 1031,
        "is_secret": false
      },
      {
        "type": "Hex High Entropy String",
        "filename": "tests/integration/data.py",
        "hashed_secret": "a79227640041125c18d7253d944f60a061cbed77",
        "is_verified": false,
        "line_number": 1047,
        "is_secret": false
      },
      {
        "type": "Hex High Entropy String",
        "filename": "tests/integration/data.py",
        "hashed_secret": "7e804e59287fe4f3a27459fc546dc800870ea43f",
        "is_verified": false,
        "line_number": 1071,
        "is_secret": false
      }
    ],
    "tests/integration/es_data.py": [
      {
        "type": "Hex High Entropy String",
        "filename": "tests/integration/es_data.py",
        "hashed_secret": "decacf4ec55e4cfc6651c6b07d62d6e8aab3148a",
        "is_verified": false,
        "line_number": 26,
        "is_secret": false
      }
    ]
  },
  "generated_at": "2022-05-11T12:12:47Z"
}
